// Jest Snapshot v1, https://goo.gl/fbAQLP

exports[`renders correctly when there are no items 1`] = `
<nav
  className="navbar"
>
  <h1
    className="navbar__title"
  >
    Math Magicians
  </h1>
  <ul
    className="navbar__list"
  >
    <li
      className="navbar__listEl"
    >
      <a
        aria-current="page"
        className="active"
        href="/"
        onClick={[Function]}
      >
        Home
      </a>
    </li>
    <li
      className="navbar__listEl"
    >
      <a
        className=""
        href="/calculator"
        onClick={[Function]}
      >
        Calculator
      </a>
    </li>
    <li
      className="navbar__listEl"
    >
      <a
        className=""
        href="/quote"
        onClick={[Function]}
      >
        Quote
      </a>
    </li>
  </ul>
</nav>
`;
